{
  "name": "Test",
  "id": "@integer@",
  "email": "test@mail.com",
  "locations": [
    {
      "name": "Moscow"
    }
  ]
}
