{
    "errors": [
      "value: This field is missing."
    ]
}
