{
    "configs": [
        {
            "name": "app",
            "value": "Test App",
            "updatedAt": "@string@.isDateTime()",
            "user": {
                "name": "Test",
                "id": "@integer@"
            }
        }
    ]
}
