{
    "errors": [
      "name: This field is missing."
    ]
}
