[
    "Author: Test\nAction: Location has been added to user\nCreated at:@string@.isDateTime()\nUrl: /api/log/@integer@\n"
]
